// Jest Snapshot v1, https://goo.gl/fbAQLP

exports[`Entry accepts props and renders entries in directory 1`] = `
<DirectoryEntry>
  <td
    key=".0"
    style={
      Object {
        "width": "25px",
      }
    }
  >
    <Icon
      color="#0366d6"
      fileType="directory"
    />
  </td>
  <td
    key=".1"
  >
    <Name>
      linky jr
    </Name>
  </td>
  <td
    key=".2"
  >
    <LastSaved
      lastModified={2018-06-22T00:15:55.000Z}
    />
  </td>
</DirectoryEntry>
`;

exports[`Listing accepts props and renders entries in directory in a table 1`] = `
<ListingRoot>
  <tbody>
    <Entry>
      <Icon
        color="#0366d6"
        fileType="directory"
      />
      <Name>
        linky
      </Name>
      <LastSaved
        lastModified={2018-06-22T00:15:55.000Z}
      />
    </Entry>
  </tbody>
</ListingRoot>
`;
